<?php return array (
  0 => 'Symfony\\Bundle\\FrameworkBundle\\Controller\\AbstractController',
  1 => 'App\\Controller\\AbstractAgendaController',
  2 => 'App\\Controller\\ActivitieController',
  3 => 'App\\Controller\\Admin\\AdminActivitieController',
  4 => 'App\\Controller\\Admin\\AdminAgendaController',
  5 => 'App\\Controller\\Admin\\AdminCalendarController',
  6 => 'App\\Controller\\Admin\\AdminCategoryController',
  7 => 'App\\Controller\\Admin\\AdminCategorySettingController',
  8 => 'App\\Controller\\Admin\\AdminPurchaseUserController',
  9 => 'App\\Controller\\Admin\\AdminStaffController',
  10 => 'App\\Controller\\Admin\\AdminStaffScheduleController',
  11 => 'App\\Controller\\Admin\\AdminUserController',
  12 => 'App\\Controller\\AgendaByCategoryController',
  13 => 'App\\Controller\\AgendaController',
  14 => 'App\\Controller\\AgendaVeloController',
  15 => 'App\\Controller\\CalendarController',
  16 => 'App\\Controller\\CartController',
  17 => 'App\\Controller\\ContactController',
  18 => 'App\\Controller\\HomeController',
  19 => 'App\\Controller\\Purchase\\PurchaseConfirmationController',
  20 => 'App\\Controller\\Purchase\\PurchaseListController',
  21 => 'App\\Controller\\Purchase\\PurchasePaymentController',
  22 => 'App\\Controller\\Purchase\\PurchasePaymentSuccessController',
  23 => 'App\\Controller\\RegistrationController',
  24 => 'App\\Controller\\SecurityController',
  25 => 'App\\Controller\\StaffScheduleSettingController',
  26 => 'App\\Entity\\Activity',
  27 => 'App\\Entity\\Calendar',
  28 => 'App\\Entity\\Category',
  29 => 'App\\Entity\\CategorySetting',
  30 => 'App\\Entity\\Contact',
  31 => 'App\\Entity\\Payment',
  32 => 'App\\Entity\\Purchase',
  33 => 'App\\Entity\\PurchaseItem',
  34 => 'App\\Entity\\Staff',
  35 => 'App\\Entity\\StaffSchedule',
  36 => 'App\\Entity\\StaffScheduleSettings',
  37 => 'App\\Entity\\User',
  38 => 'Doctrine\\Bundle\\DoctrineBundle\\Controller\\ProfilerController',
  39 => 'Doctrine\\ORM\\Cache\\Persister\\Entity\\AbstractEntityPersister',
  40 => 'Doctrine\\ORM\\Cache\\Persister\\Entity\\CachedEntityPersister',
  41 => 'Doctrine\\ORM\\Cache\\Persister\\Entity\\NonStrictReadWriteCachedEntityPersister',
  42 => 'Doctrine\\ORM\\Cache\\Persister\\Entity\\ReadOnlyCachedEntityPersister',
  43 => 'Doctrine\\ORM\\Cache\\Persister\\Entity\\ReadWriteCachedEntityPersister',
  44 => 'Doctrine\\ORM\\Persisters\\Entity\\AbstractEntityInheritancePersister',
  45 => 'Doctrine\\ORM\\Persisters\\Entity\\BasicEntityPersister',
  46 => 'Doctrine\\ORM\\Persisters\\Entity\\CachedPersisterContext',
  47 => 'Doctrine\\ORM\\Persisters\\Entity\\EntityPersister',
  48 => 'Doctrine\\ORM\\Persisters\\Entity\\JoinedSubclassPersister',
  49 => 'Doctrine\\ORM\\Persisters\\Entity\\SingleTablePersister',
  51 => 'Symfony\\Bundle\\FrameworkBundle\\Controller\\ControllerResolver',
  52 => 'Symfony\\Bundle\\FrameworkBundle\\Controller\\RedirectController',
  53 => 'Symfony\\Bundle\\FrameworkBundle\\Controller\\TemplateController',
  54 => 'Symfony\\Bundle\\WebProfilerBundle\\Controller\\ExceptionPanelController',
  55 => 'Symfony\\Bundle\\WebProfilerBundle\\Controller\\ProfilerController',
  56 => 'Symfony\\Bundle\\WebProfilerBundle\\Controller\\RouterController',
  57 => 'Symfony\\Component\\HttpKernel\\Controller\\ArgumentResolver',
  58 => 'Symfony\\Component\\HttpKernel\\Controller\\ArgumentResolverInterface',
  59 => 'Symfony\\Component\\HttpKernel\\Controller\\ArgumentResolver\\DefaultValueResolver',
  60 => 'Symfony\\Component\\HttpKernel\\Controller\\ArgumentResolver\\NotTaggedControllerValueResolver',
  61 => 'Symfony\\Component\\HttpKernel\\Controller\\ArgumentResolver\\RequestAttributeValueResolver',
  62 => 'Symfony\\Component\\HttpKernel\\Controller\\ArgumentResolver\\RequestValueResolver',
  63 => 'Symfony\\Component\\HttpKernel\\Controller\\ArgumentResolver\\ServiceValueResolver',
  64 => 'Symfony\\Component\\HttpKernel\\Controller\\ArgumentResolver\\SessionValueResolver',
  65 => 'Symfony\\Component\\HttpKernel\\Controller\\ArgumentResolver\\TraceableValueResolver',
  66 => 'Symfony\\Component\\HttpKernel\\Controller\\ArgumentResolver\\VariadicValueResolver',
  67 => 'Symfony\\Component\\HttpKernel\\Controller\\ArgumentValueResolverInterface',
  68 => 'Symfony\\Component\\HttpKernel\\Controller\\ContainerControllerResolver',
  69 => 'Symfony\\Component\\HttpKernel\\Controller\\ControllerReference',
  70 => 'Symfony\\Component\\HttpKernel\\Controller\\ControllerResolver',
  71 => 'Symfony\\Component\\HttpKernel\\Controller\\ControllerResolverInterface',
  72 => 'Symfony\\Component\\HttpKernel\\Controller\\ErrorController',
  73 => 'Symfony\\Component\\HttpKernel\\Controller\\TraceableArgumentResolver',
  74 => 'Symfony\\Component\\HttpKernel\\Controller\\TraceableControllerResolver',
  75 => 'Symfony\\Component\\Security\\Http\\Controller\\UserValueResolver',
);