<?php return array (
  0 => 'Symfony\\Bundle\\FrameworkBundle\\Controller\\AbstractController',
  1 => 'App\\Controller\\AbstractAgendaController',
  2 => 'App\\Controller\\ActivitieController',
  3 => 'App\\Controller\\Admin\\AdminActivitieController',
  4 => 'App\\Controller\\Admin\\AdminAgendaController',
  5 => 'App\\Controller\\Admin\\AdminAgendaDetailController',
  6 => 'App\\Controller\\Admin\\AdminCalendarController',
  7 => 'App\\Controller\\Admin\\AdminCategoryController',
  8 => 'App\\Controller\\Admin\\AdminCategorySettingController',
  9 => 'App\\Controller\\Admin\\AdminPurchaseUserController',
  10 => 'App\\Controller\\Admin\\AdminStaffController',
  11 => 'App\\Controller\\Admin\\AdminStaffScheduleController',
  12 => 'App\\Controller\\Admin\\AdminUserController',
  13 => 'App\\Controller\\Admin\\AdminUserShowController',
  14 => 'App\\Controller\\AgendaByCategoryController',
  15 => 'App\\Controller\\AgendaController',
  16 => 'App\\Controller\\CalendarController',
  17 => 'App\\Controller\\CartController',
  18 => 'App\\Controller\\ContactController',
  19 => 'App\\Controller\\HomeController',
  20 => 'App\\Controller\\Purchase\\PurchaseConfirmationController',
  21 => 'App\\Controller\\Purchase\\PurchaseListController',
  22 => 'App\\Controller\\Purchase\\PurchasePaymentController',
  23 => 'App\\Controller\\Purchase\\PurchasePaymentSuccessController',
  24 => 'App\\Controller\\RegistrationController',
  25 => 'App\\Controller\\SecurityController',
  26 => 'App\\Controller\\StaffScheduleSettingController',
  27 => 'App\\Entity\\Activity',
  28 => 'App\\Entity\\Calendar',
  29 => 'App\\Entity\\Category',
  30 => 'App\\Entity\\CategorySetting',
  31 => 'App\\Entity\\Contact',
  32 => 'App\\Entity\\Payment',
  33 => 'App\\Entity\\Purchase',
  34 => 'App\\Entity\\PurchaseItem',
  35 => 'App\\Entity\\Staff',
  36 => 'App\\Entity\\StaffSchedule',
  37 => 'App\\Entity\\StaffScheduleSettings',
  38 => 'App\\Entity\\User',
  39 => 'Doctrine\\Bundle\\DoctrineBundle\\Controller\\ProfilerController',
  40 => 'Doctrine\\ORM\\Cache\\Persister\\Entity\\AbstractEntityPersister',
  41 => 'Doctrine\\ORM\\Cache\\Persister\\Entity\\CachedEntityPersister',
  42 => 'Doctrine\\ORM\\Cache\\Persister\\Entity\\NonStrictReadWriteCachedEntityPersister',
  43 => 'Doctrine\\ORM\\Cache\\Persister\\Entity\\ReadOnlyCachedEntityPersister',
  44 => 'Doctrine\\ORM\\Cache\\Persister\\Entity\\ReadWriteCachedEntityPersister',
  45 => 'Doctrine\\ORM\\Persisters\\Entity\\AbstractEntityInheritancePersister',
  46 => 'Doctrine\\ORM\\Persisters\\Entity\\BasicEntityPersister',
  47 => 'Doctrine\\ORM\\Persisters\\Entity\\CachedPersisterContext',
  48 => 'Doctrine\\ORM\\Persisters\\Entity\\EntityPersister',
  49 => 'Doctrine\\ORM\\Persisters\\Entity\\JoinedSubclassPersister',
  50 => 'Doctrine\\ORM\\Persisters\\Entity\\SingleTablePersister',
  52 => 'Symfony\\Bundle\\FrameworkBundle\\Controller\\ControllerResolver',
  53 => 'Symfony\\Bundle\\FrameworkBundle\\Controller\\RedirectController',
  54 => 'Symfony\\Bundle\\FrameworkBundle\\Controller\\TemplateController',
  55 => 'Symfony\\Bundle\\WebProfilerBundle\\Controller\\ExceptionPanelController',
  56 => 'Symfony\\Bundle\\WebProfilerBundle\\Controller\\ProfilerController',
  57 => 'Symfony\\Bundle\\WebProfilerBundle\\Controller\\RouterController',
  58 => 'Symfony\\Component\\HttpKernel\\Controller\\ArgumentResolver',
  59 => 'Symfony\\Component\\HttpKernel\\Controller\\ArgumentResolverInterface',
  60 => 'Symfony\\Component\\HttpKernel\\Controller\\ArgumentResolver\\DefaultValueResolver',
  61 => 'Symfony\\Component\\HttpKernel\\Controller\\ArgumentResolver\\NotTaggedControllerValueResolver',
  62 => 'Symfony\\Component\\HttpKernel\\Controller\\ArgumentResolver\\RequestAttributeValueResolver',
  63 => 'Symfony\\Component\\HttpKernel\\Controller\\ArgumentResolver\\RequestValueResolver',
  64 => 'Symfony\\Component\\HttpKernel\\Controller\\ArgumentResolver\\ServiceValueResolver',
  65 => 'Symfony\\Component\\HttpKernel\\Controller\\ArgumentResolver\\SessionValueResolver',
  66 => 'Symfony\\Component\\HttpKernel\\Controller\\ArgumentResolver\\TraceableValueResolver',
  67 => 'Symfony\\Component\\HttpKernel\\Controller\\ArgumentResolver\\VariadicValueResolver',
  68 => 'Symfony\\Component\\HttpKernel\\Controller\\ArgumentValueResolverInterface',
  69 => 'Symfony\\Component\\HttpKernel\\Controller\\ContainerControllerResolver',
  70 => 'Symfony\\Component\\HttpKernel\\Controller\\ControllerReference',
  71 => 'Symfony\\Component\\HttpKernel\\Controller\\ControllerResolver',
  72 => 'Symfony\\Component\\HttpKernel\\Controller\\ControllerResolverInterface',
  73 => 'Symfony\\Component\\HttpKernel\\Controller\\ErrorController',
  74 => 'Symfony\\Component\\HttpKernel\\Controller\\TraceableArgumentResolver',
  75 => 'Symfony\\Component\\HttpKernel\\Controller\\TraceableControllerResolver',
  76 => 'Symfony\\Component\\Security\\Http\\Controller\\UserValueResolver',
);