<?php return array (
  0 => 'Symfony\\Bundle\\FrameworkBundle\\Controller\\AbstractController',
  1 => 'App\\Controller\\ActivitieSettingController',
  2 => 'App\\Controller\\AdminActivitieController',
  3 => 'App\\Controller\\AdminCalendarController',
  4 => 'App\\Controller\\AdminStaffController',
  5 => 'App\\Controller\\AdminStaffScheduleController',
  6 => 'App\\Controller\\AgendaController',
  7 => 'App\\Controller\\ContactController',
  8 => 'App\\Controller\\HomeController',
  9 => 'App\\Controller\\RegistrationController',
  10 => 'App\\Controller\\SecurityController',
  11 => 'App\\Controller\\StaffScheduleSettingController',
  12 => 'App\\Entity\\Activitie',
  13 => 'App\\Entity\\ActivitieSettings',
  14 => 'App\\Entity\\Calendar',
  15 => 'App\\Entity\\Contact',
  16 => 'App\\Entity\\Payment',
  17 => 'App\\Entity\\Purchase',
  18 => 'App\\Entity\\PurchaseItem',
  19 => 'App\\Entity\\Staff',
  20 => 'App\\Entity\\StaffSchedule',
  21 => 'App\\Entity\\StaffScheduleSettings',
  22 => 'App\\Entity\\User',
  23 => 'Doctrine\\Bundle\\DoctrineBundle\\Controller\\ProfilerController',
  24 => 'Doctrine\\ORM\\Cache\\Persister\\Entity\\AbstractEntityPersister',
  25 => 'Doctrine\\ORM\\Cache\\Persister\\Entity\\CachedEntityPersister',
  26 => 'Doctrine\\ORM\\Cache\\Persister\\Entity\\NonStrictReadWriteCachedEntityPersister',
  27 => 'Doctrine\\ORM\\Cache\\Persister\\Entity\\ReadOnlyCachedEntityPersister',
  28 => 'Doctrine\\ORM\\Cache\\Persister\\Entity\\ReadWriteCachedEntityPersister',
  29 => 'Doctrine\\ORM\\Persisters\\Entity\\AbstractEntityInheritancePersister',
  30 => 'Doctrine\\ORM\\Persisters\\Entity\\BasicEntityPersister',
  31 => 'Doctrine\\ORM\\Persisters\\Entity\\CachedPersisterContext',
  32 => 'Doctrine\\ORM\\Persisters\\Entity\\EntityPersister',
  33 => 'Doctrine\\ORM\\Persisters\\Entity\\JoinedSubclassPersister',
  34 => 'Doctrine\\ORM\\Persisters\\Entity\\SingleTablePersister',
  36 => 'Symfony\\Bundle\\FrameworkBundle\\Controller\\ControllerResolver',
  37 => 'Symfony\\Bundle\\FrameworkBundle\\Controller\\RedirectController',
  38 => 'Symfony\\Bundle\\FrameworkBundle\\Controller\\TemplateController',
  39 => 'Symfony\\Bundle\\WebProfilerBundle\\Controller\\ExceptionPanelController',
  40 => 'Symfony\\Bundle\\WebProfilerBundle\\Controller\\ProfilerController',
  41 => 'Symfony\\Bundle\\WebProfilerBundle\\Controller\\RouterController',
  42 => 'Symfony\\Component\\HttpKernel\\Controller\\ArgumentResolver',
  43 => 'Symfony\\Component\\HttpKernel\\Controller\\ArgumentResolverInterface',
  44 => 'Symfony\\Component\\HttpKernel\\Controller\\ArgumentResolver\\DefaultValueResolver',
  45 => 'Symfony\\Component\\HttpKernel\\Controller\\ArgumentResolver\\NotTaggedControllerValueResolver',
  46 => 'Symfony\\Component\\HttpKernel\\Controller\\ArgumentResolver\\RequestAttributeValueResolver',
  47 => 'Symfony\\Component\\HttpKernel\\Controller\\ArgumentResolver\\RequestValueResolver',
  48 => 'Symfony\\Component\\HttpKernel\\Controller\\ArgumentResolver\\ServiceValueResolver',
  49 => 'Symfony\\Component\\HttpKernel\\Controller\\ArgumentResolver\\SessionValueResolver',
  50 => 'Symfony\\Component\\HttpKernel\\Controller\\ArgumentResolver\\TraceableValueResolver',
  51 => 'Symfony\\Component\\HttpKernel\\Controller\\ArgumentResolver\\VariadicValueResolver',
  52 => 'Symfony\\Component\\HttpKernel\\Controller\\ArgumentValueResolverInterface',
  53 => 'Symfony\\Component\\HttpKernel\\Controller\\ContainerControllerResolver',
  54 => 'Symfony\\Component\\HttpKernel\\Controller\\ControllerReference',
  55 => 'Symfony\\Component\\HttpKernel\\Controller\\ControllerResolver',
  56 => 'Symfony\\Component\\HttpKernel\\Controller\\ControllerResolverInterface',
  57 => 'Symfony\\Component\\HttpKernel\\Controller\\ErrorController',
  58 => 'Symfony\\Component\\HttpKernel\\Controller\\TraceableArgumentResolver',
  59 => 'Symfony\\Component\\HttpKernel\\Controller\\TraceableControllerResolver',
  60 => 'Symfony\\Component\\Security\\Http\\Controller\\UserValueResolver',
);